// Jest Snapshot v1, https://goo.gl/fbAQLP

exports[`ChartView matches previous Snapshot 1`] = `
<DocumentFragment>
  <div
    class="ChartView"
  >
    Data Loading or Unavailable...
  </div>
</DocumentFragment>
`;
